
ESTEFANIA@LAPTOP-OI1RU9S8 MINGW64 ~/Documents/Base de datos/Practica1
$ git init
Initialized empty Git repository in C:/Users/ESTEFANIA/Documents/Base de datos/P                                                                                                                ractica1/.git/

ESTEFANIA@LAPTOP-OI1RU9S8 MINGW64 ~/Documents/Base de datos/Practica1 (master)
$ git status
On branch master

No commits yet

Untracked files:
  (use "git add <file>..." to include in what will be committed)

        PRUEBA.txt

nothing added to commit but untracked files present (use "git add" to track)

ESTEFANIA@LAPTOP-OI1RU9S8 MINGW64 ~/Documents/Base de datos/Practica1 (master)
$ git add .

ESTEFANIA@LAPTOP-OI1RU9S8 MINGW64 ~/Documents/Base de datos/Practica1 (master)
$ git commit -m "Prueba"

*** Please tell me who you are.

Run

  git config --global user.email "you@example.com"
  git config --global user.name "Your Name"

to set your account's default identity.
Omit --global to set the identity only in this repository.

fatal: unable to auto-detect email address (got 'ESTEFANIA@LAPTOP-OI1RU9S8.(none)')

ESTEFANIA@LAPTOP-OI1RU9S8 MINGW64 ~/Documents/Base de datos/Practica1 (master)
$ git config --global user.email "estefahiguita@gmail.com"

ESTEFANIA@LAPTOP-OI1RU9S8 MINGW64 ~/Documents/Base de datos/Practica1 (master)
$ git config --global --list
user.email=estefahiguita@gmail.com

ESTEFANIA@LAPTOP-OI1RU9S8 MINGW64 ~/Documents/Base de datos/Practica1 (master)
$ git config --global user.name "Estefania Higuita"


ESTEFANIA@LAPTOP-OI1RU9S8 MINGW64 ~/Documents/Base de datos/Practica1 (master)
$ git config --global --list
user.email=estefahiguita@gmail.com

ESTEFANIA@LAPTOP-OI1RU9S8 MINGW64 ~/Documents/Base de datos/Practica1 (master)
$ git config --global user.name "Estefania Higuita"

ESTEFANIA@LAPTOP-OI1RU9S8 MINGW64 ~/Documents/Base de datos/Practica1 (master)
$ git config --global --list
user.email=estefahiguita@gmail.com
user.name=Estefania Higuita

ESTEFANIA@LAPTOP-OI1RU9S8 MINGW64 ~/Documents/Base de datos/Practica1 (master)
$ git commit -m"Prueba"
[master (root-commit) 359a837] Prueba
 1 file changed, 1 insertion(+)
 create mode 100644 PRUEBA.txt

ESTEFANIA@LAPTOP-OI1RU9S8 MINGW64 ~/Documents/Base de datos/Practica1 (master)
$ git push
fatal: No configured push destination.
Either specify the URL from the command-line or configure a remote repository using

    git remote add <name> <url>

and then push using the remote name

    git push <name>


ESTEFANIA@LAPTOP-OI1RU9S8 MINGW64 ~/Documents/Base de datos/Practica1 (master)
$ git remote add https://github.com/estefahiguita22/Practica1.git
usage: git remote add [<options>] <name> <url>

    -f, --fetch           fetch the remote branches
    --tags                import all tags and associated objects when fetching
                          or do not fetch any tag at all (--no-tags)
    -t, --track <branch>  branch(es) to track
    -m, --master <branch>
                          master branch
    --mirror[=<push|fetch>]
                          set up remote as a mirror to push to or fetch from

ESTEFANIA@LAPTOP-OI1RU9S8 MINGW64 ~/Documents/Base de datos/Practica1 (master)
$ git push
fatal: No configured push destination.
Either specify the URL from the command-line or configure a remote repository using

    git remote add <name> <url>

and then push using the remote name

    git push <name>


ESTEFANIA@LAPTOP-OI1RU9S8 MINGW64 ~/Documents/Base de datos/Practica1 (master)
$ git remote add origin https://github.com/estefahiguita22/Practica1.git

ESTEFANIA@LAPTOP-OI1RU9S8 MINGW64 ~/Documents/Base de datos/Practica1 (master)
$ git push
fatal: The current branch master has no upstream branch.
To push the current branch and set the remote as upstream, use

    git push --set-upstream origin master


ESTEFANIA@LAPTOP-OI1RU9S8 MINGW64 ~/Documents/Base de datos/Practica1 (master)
$ git push origin
fatal: The current branch master has no upstream branch.
To push the current branch and set the remote as upstream, use

    git push --set-upstream origin master


ESTEFANIA@LAPTOP-OI1RU9S8 MINGW64 ~/Documents/Base de datos/Practica1 (master)
$ git push -u origin master
Enumerating objects: 3, done.
Counting objects: 100% (3/3), done.
Writing objects: 100% (3/3), 225 bytes | 75.00 KiB/s, done.
Total 3 (delta 0), reused 0 (delta 0)
To https://github.com/estefahiguita22/Practica1.git
 * [new branch]      master -> master
Branch 'master' set up to track remote branch 'master' from 'origin'.

ESTEFANIA@LAPTOP-OI1RU9S8 MINGW64 ~/Documents/Base de datos/Practica1 (master)
$ git pull origin master
remote: Counting objects: 3, done.
remote: Compressing objects: 100% (3/3), done.
remote: Total 3 (delta 0), reused 3 (delta 0), pack-reused 0
Unpacking objects: 100% (3/3), done.
From https://github.com/estefahiguita22/Practica1
 * branch            master     -> FETCH_HEAD
   359a837..1011ac5  master     -> origin/master
Updating 359a837..1011ac5
Fast-forward
 vive el cambio.png | Bin 0 -> 1675404 bytes
 1 file changed, 0 insertions(+), 0 deletions(-)
 create mode 100644 vive el cambio.png

ESTEFANIA@LAPTOP-OI1RU9S8 MINGW64 ~/Documents/Base de datos/Practica1 (master)
$ git checkout -b iniciativa
Switched to a new branch 'iniciativa'

ESTEFANIA@LAPTOP-OI1RU9S8 MINGW64 ~/Documents/Base de datos/Practica1 (iniciativa)
$ git pull origin iniciativa
fatal: Couldn't find remote ref iniciativa

ESTEFANIA@LAPTOP-OI1RU9S8 MINGW64 ~/Documents/Base de datos/Practica1 (iniciativa)
$ git fetch

ESTEFANIA@LAPTOP-OI1RU9S8 MINGW64 ~/Documents/Base de datos/Practica1 (iniciativa)
$ git pull origin iniciativa
fatal: Couldn't find remote ref iniciativa

ESTEFANIA@LAPTOP-OI1RU9S8 MINGW64 ~/Documents/Base de datos/Practica1 (iniciativa)
$ vim hola.txt

ESTEFANIA@LAPTOP-OI1RU9S8 MINGW64 ~/Documents/Base de datos/Practica1 (iniciativa)
$ git status
On branch iniciativa
Untracked files:
  (use "git add <file>..." to include in what will be committed)

        hola.txt

ESTEFANIA@LAPTOP-OI1RU9S8 MINGW64 ~/Documents/Base de datos/Practica1 (iniciativa)
$ vim prueba.txt

ESTEFANIA@LAPTOP-OI1RU9S8 MINGW64 ~/Documents/Base de datos/Practica1 (iniciativa)
$ git status
On branch iniciativa
Changes not staged for commit:
  (use "git add <file>..." to update what will be committed)
  (use "git checkout -- <file>..." to discard changes in working directory)

        modified:   PRUEBA.txt

Untracked files:
  (use "git add <file>..." to include in what will be committed)

        hola.txt

no changes added to commit (use "git add" and/or "git commit -a")

ESTEFANIA@LAPTOP-OI1RU9S8 MINGW64 ~/Documents/Base de datos/Practica1 (iniciativa)
$ git add .
warning: LF will be replaced by CRLF in PRUEBA.txt.
The file will have its original line endings in your working directory.
warning: LF will be replaced by CRLF in hola.txt.
The file will have its original line endings in your working directory.

ESTEFANIA@LAPTOP-OI1RU9S8 MINGW64 ~/Documents/Base de datos/Practica1 (iniciativa)
$ git status
On branch iniciativa
Changes to be committed:
  (use "git reset HEAD <file>..." to unstage)

        modified:   PRUEBA.txt
        new file:   hola.txt

ESTEFANIA@LAPTOP-OI1RU9S8 MINGW64 ~/Documents/Base de datos/Practica1 (iniciativa)
$ git commit -m "Ajustes"
[iniciativa 39f6352] Ajustes
 2 files changed, 4 insertions(+), 1 deletion(-)
 create mode 100644 hola.txt

ESTEFANIA@LAPTOP-OI1RU9S8 MINGW64 ~/Documents/Base de datos/Practica1 (iniciativa)
$ git push -u origin master
Everything up-to-date
Branch 'master' set up to track remote branch 'master' from 'origin'.

ESTEFANIA@LAPTOP-OI1RU9S8 MINGW64 ~/Documents/Base de datos/Practica1 (iniciativa)
$ git status
On branch iniciativa
nothing to commit, working tree clean

ESTEFANIA@LAPTOP-OI1RU9S8 MINGW64 ~/Documents/Base de datos/Practica1 (iniciativa)
$ git push origin iniciativa
Enumerating objects: 6, done.
Counting objects: 100% (6/6), done.
Delta compression using up to 8 threads.
Compressing objects: 100% (2/2), done.
Writing objects: 100% (4/4), 356 bytes | 71.00 KiB/s, done.
Total 4 (delta 0), reused 0 (delta 0)
To https://github.com/estefahiguita22/Practica1.git
 * [new branch]      iniciativa -> iniciativa

ESTEFANIA@LAPTOP-OI1RU9S8 MINGW64 ~/Documents/Base de datos/Practica1 (iniciativa)
$ git checkout master
Switched to branch 'master'
Your branch is up to date with 'origin/master'.

ESTEFANIA@LAPTOP-OI1RU9S8 MINGW64 ~/Documents/Base de datos/Practica1 (master)
$ git pull origin master
remote: Counting objects: 1, done.
remote: Total 1 (delta 0), reused 0 (delta 0), pack-reused 0
Unpacking objects: 100% (1/1), done.
From https://github.com/estefahiguita22/Practica1
 * branch            master     -> FETCH_HEAD
   1011ac5..a8ba16c  master     -> origin/master
Updating 1011ac5..a8ba16c
Fast-forward
 PRUEBA.txt | 3 ++-
 hola.txt   | 2 ++
 2 files changed, 4 insertions(+), 1 deletion(-)
